2026-05-29 23:43:04,690 | INFO | ukusa_rhino | Incoming WhatsApp message from 61404470444: Hi
2026-05-29 23:43:10,333 | ERROR | ukusa_rhino | Failed to send WhatsApp message to 61404470444: 401 Client Error: Unauthorized for url: https://graph.facebook.com/v21.0/1204452212747051/messages
Traceback (most recent call last):
  File "C:\Users\HP\PycharmProjects\PythonProject\Ukusa_Rhino\whatsapp_bot.py", line 69, in send_message
    response.raise_for_status()
    ~~~~~~~~~~~~~~~~~~~~~~~~~^^
  File "C:\Users\HP\AppData\Local\Programs\Python\Python314\Lib\site-packages\requests\models.py", line 1026, in raise_for_status
    raise HTTPError(http_error_msg, response=self)
requests.exceptions.HTTPError: 401 Client Error: Unauthorized for url: https://graph.facebook.com/v21.0/1204452212747051/messages
2026-05-29 23:43:21,865 | INFO | ukusa_rhino | Incoming WhatsApp message from 61404470444: Hello
2026-05-29 23:43:24,442 | ERROR | ukusa_rhino | Failed to send WhatsApp message to 61404470444: 401 Client Error: Unauthorized for url: https://graph.facebook.com/v21.0/1204452212747051/messages
Traceback (most recent call last):
  File "C:\Users\HP\PycharmProjects\PythonProject\Ukusa_Rhino\whatsapp_bot.py", line 69, in send_message
    response.raise_for_status()
    ~~~~~~~~~~~~~~~~~~~~~~~~~^^
  File "C:\Users\HP\AppData\Local\Programs\Python\Python314\Lib\site-packages\requests\models.py", line 1026, in raise_for_status
    raise HTTPError(http_error_msg, response=self)
requests.exceptions.HTTPError: 401 Client Error: Unauthorized for url: https://graph.facebook.com/v21.0/1204452212747051/messages
2026-05-29 23:48:24,897 | INFO | ukusa_rhino | Webhook received a non-message payload
2026-05-29 23:48:25,659 | INFO | ukusa_rhino | Webhook received a non-message payload
2026-05-29 23:48:32,809 | INFO | ukusa_rhino | Incoming WhatsApp message from 61404470444: Hi
2026-05-29 23:48:35,384 | ERROR | ukusa_rhino | Failed to send WhatsApp message to 61404470444: 401 Client Error: Unauthorized for url: https://graph.facebook.com/v21.0/1204452212747051/messages
Traceback (most recent call last):
  File "C:\Users\HP\PycharmProjects\PythonProject\Ukusa_Rhino\whatsapp_bot.py", line 69, in send_message
    response.raise_for_status()
    ~~~~~~~~~~~~~~~~~~~~~~~~~^^
  File "C:\Users\HP\AppData\Local\Programs\Python\Python314\Lib\site-packages\requests\models.py", line 1026, in raise_for_status
    raise HTTPError(http_error_msg, response=self)
requests.exceptions.HTTPError: 401 Client Error: Unauthorized for url: https://graph.facebook.com/v21.0/1204452212747051/messages
2026-05-29 23:51:03,146 | INFO | ukusa_rhino | Incoming WhatsApp message from 61404470444: Hi
2026-05-29 23:51:08,078 | INFO | ukusa_rhino | Outgoing WhatsApp message sent to 61404470444
2026-05-29 23:51:09,977 | INFO | ukusa_rhino | Webhook received a non-message payload
2026-05-29 23:51:10,470 | INFO | ukusa_rhino | Webhook received a non-message payload
2026-05-29 23:51:28,547 | INFO | ukusa_rhino | Incoming WhatsApp message from 61404470444: Menu please
2026-05-29 23:51:31,684 | INFO | ukusa_rhino | Outgoing WhatsApp message sent to 61404470444
2026-05-29 23:51:33,568 | INFO | ukusa_rhino | Webhook received a non-message payload
2026-05-29 23:51:34,161 | INFO | ukusa_rhino | Webhook received a non-message payload
2026-05-29 23:51:34,319 | INFO | ukusa_rhino | Webhook received a non-message payload
2026-05-29 23:51:59,595 | INFO | ukusa_rhino | Incoming WhatsApp message from 61404470444: Coffee and something to eat
2026-05-29 23:52:02,442 | INFO | ukusa_rhino | Outgoing WhatsApp message sent to 61404470444
2026-05-29 23:52:04,450 | INFO | ukusa_rhino | Webhook received a non-message payload
2026-05-29 23:52:04,869 | INFO | ukusa_rhino | Webhook received a non-message payload
2026-05-29 23:52:04,958 | INFO | ukusa_rhino | Webhook received a non-message payload
2026-05-29 23:52:46,638 | INFO | ukusa_rhino | Incoming WhatsApp message from 61404470444: Roasted Hazelnut coffee and a chicken pizza please
2026-05-29 23:52:50,099 | INFO | ukusa_rhino | Outgoing WhatsApp message sent to 61404470444
2026-05-29 23:52:52,090 | INFO | ukusa_rhino | Webhook received a non-message payload
2026-05-29 23:52:52,576 | INFO | ukusa_rhino | Webhook received a non-message payload
2026-05-29 23:52:53,141 | INFO | ukusa_rhino | Webhook received a non-message payload
2026-05-29 23:53:24,475 | INFO | ukusa_rhino | Incoming WhatsApp message from 61404470444: I need ketchup along with the pizza please
2026-05-29 23:53:27,834 | INFO | ukusa_rhino | Outgoing WhatsApp message sent to 61404470444
2026-05-29 23:53:30,111 | INFO | ukusa_rhino | Webhook received a non-message payload
2026-05-29 23:53:30,517 | INFO | ukusa_rhino | Webhook received a non-message payload
2026-05-29 23:53:30,613 | INFO | ukusa_rhino | Webhook received a non-message payload
2026-05-29 23:53:49,408 | INFO | ukusa_rhino | Incoming WhatsApp message from 61404470444: Also some chips would be perfect!
2026-05-29 23:53:52,233 | INFO | ukusa_rhino | Outgoing WhatsApp message sent to 61404470444
2026-05-29 23:53:54,392 | INFO | ukusa_rhino | Webhook received a non-message payload
2026-05-29 23:53:54,766 | INFO | ukusa_rhino | Webhook received a non-message payload
2026-05-29 23:53:55,064 | INFO | ukusa_rhino | Webhook received a non-message payload
2026-05-29 23:54:17,814 | INFO | ukusa_rhino | Incoming WhatsApp message from 61404470444: That sounds perfect thanks
2026-05-29 23:54:21,616 | INFO | ukusa_rhino | Outgoing WhatsApp message sent to 61404470444
2026-05-29 23:54:23,858 | INFO | ukusa_rhino | Webhook received a non-message payload
2026-05-29 23:54:24,099 | INFO | ukusa_rhino | Webhook received a non-message payload
2026-05-29 23:54:40,943 | INFO | ukusa_rhino | Incoming WhatsApp message from 61404470444: That’s all thanks!!
2026-05-29 23:54:44,465 | INFO | ukusa_rhino | Outgoing WhatsApp message sent to 61404470444
2026-05-29 23:54:46,612 | INFO | ukusa_rhino | Webhook received a non-message payload
2026-05-29 23:54:46,948 | INFO | ukusa_rhino | Webhook received a non-message payload
2026-05-30 00:02:32,007 | INFO | ukusa_rhino | Incoming WhatsApp message from 61404470444: Can I please know where you located at in hyderabad ?
2026-05-30 00:02:35,163 | INFO | ukusa_rhino | Outgoing WhatsApp message sent to 61404470444
2026-05-30 00:02:37,348 | INFO | ukusa_rhino | Webhook received a non-message payload
2026-05-30 00:02:37,797 | INFO | ukusa_rhino | Webhook received a non-message payload
2026-05-30 00:02:37,821 | INFO | ukusa_rhino | Webhook received a non-message payload
2026-05-30 00:02:57,547 | INFO | ukusa_rhino | Incoming WhatsApp message from 61404470444: Hitec city
2026-05-30 00:03:00,342 | INFO | ukusa_rhino | Outgoing WhatsApp message sent to 61404470444
2026-05-30 00:03:02,435 | INFO | ukusa_rhino | Webhook received a non-message payload
2026-05-30 00:03:02,818 | INFO | ukusa_rhino | Webhook received a non-message payload
2026-05-30 00:03:03,035 | INFO | ukusa_rhino | Webhook received a non-message payload
2026-05-30 00:03:18,699 | INFO | ukusa_rhino | Incoming WhatsApp message from 61404470444: Directions please
2026-05-30 00:03:21,706 | INFO | ukusa_rhino | Outgoing WhatsApp message sent to 61404470444
2026-05-30 00:03:23,840 | INFO | ukusa_rhino | Webhook received a non-message payload
2026-05-30 00:03:24,312 | INFO | ukusa_rhino | Webhook received a non-message payload
2026-05-31 17:38:34,421 | INFO | ukusa_rhino | Webhook received a non-message payload
2026-05-31 17:38:34,427 | INFO | ukusa_rhino | Webhook received a non-message payload
2026-05-31 17:38:46,661 | INFO | ukusa_rhino | Incoming WhatsApp message from 61404470444: Hi
2026-05-31 17:38:49,688 | ERROR | ukusa_rhino | WhatsApp credentials are missing; cannot send message to 61404470444
2026-05-31 17:40:58,679 | INFO | ukusa_rhino | Incoming WhatsApp message from 61404470444: Hi
2026-05-31 17:41:01,293 | ERROR | ukusa_rhino | WhatsApp credentials are missing; cannot send message to 61404470444
2026-05-31 17:52:52,034 | INFO | ukusa_rhino | Incoming WhatsApp message from 61404470444: Hi
2026-05-31 17:52:53,928 | ERROR | ukusa_rhino | WhatsApp credentials are missing; cannot send message to 61404470444
2026-05-31 18:14:32,260 | INFO | ukusa_rhino | Incoming WhatsApp message from 61404470444: Hi
2026-05-31 18:14:34,478 | ERROR | ukusa_rhino | WhatsApp credentials are missing; cannot send message to 61404470444
2026-05-31 18:19:32,147 | INFO | ukusa_rhino | Incoming WhatsApp message from 61404470444: Hi
2026-05-31 18:19:33,773 | ERROR | ukusa_rhino | WhatsApp credentials are missing; cannot send message to 61404470444
2026-05-31 18:20:07,333 | INFO | ukusa_rhino | Webhook received a non-message payload
2026-05-31 18:20:07,619 | INFO | ukusa_rhino | Webhook received a non-message payload
2026-05-31 18:20:08,010 | INFO | ukusa_rhino | Webhook received a non-message payload
2026-05-31 18:20:10,299 | INFO | ukusa_rhino | Incoming WhatsApp message from 61404470444: Hi
2026-05-31 18:20:11,781 | ERROR | ukusa_rhino | WhatsApp credentials are missing; cannot send message to 61404470444
2026-05-31 18:23:06,431 | INFO | ukusa_rhino | Incoming WhatsApp message from 61404470444: Hi
2026-05-31 18:23:07,823 | ERROR | ukusa_rhino | WhatsApp credentials are missing; cannot send message to 61404470444
2026-05-31 18:23:56,748 | INFO | ukusa_rhino | Incoming WhatsApp message from 61404470444: Hi
2026-05-31 18:23:58,582 | ERROR | ukusa_rhino | WhatsApp credentials are missing; cannot send message to 61404470444
